// Jest Snapshot v1, https://goo.gl/fbAQLP

exports[`matches snapshot 1`] = `
<DocumentFragment>
  <form>
    <label
      for="color-input"
    >
      New Color
    </label>
    <input
      id="color-input"
      name="color"
      placeholder="Enter Color Here"
      type="text"
    />
    <button>
      Add color
    </button>
  </form>
</DocumentFragment>
`;
